
Memory Configuration

Name             Origin             Length             Attributes
FLASH            0x00000000         0x00040000         xr
SRAM             0x20000000         0x00008000         xrw
*default*        0x00000000         0xffffffff

Linker script and memory map

                0x00000000                PROVIDE (_intvecs_base_address = 0x0)
                0x00001000                PROVIDE (_sprints_base_address = 0x1000)

.intvecs
 *(.intvecs)

.sprints        0x00001000        0xc
                0x20000000                __data_start__ = 0x1000
 *(.sprints)
 .sprints       0x00001000        0xc app_main.o
                0x00001000                arr
                0x00001004                arr2
                0x00001008                x
 *(.sprints.*)
                0x0000100c                . = ALIGN (0x4)
                0x20000004                __data_end__ = .

.text           0x0000100c       0x60
 CREATE_OBJECT_SYMBOLS
 *(.text)
 .text          0x0000100c       0x2c app_main.o
                0x0000100c                main
 .text          0x00001038       0x34 app_2.o
                0x00001038                vidFunc
 *(.text.*)

.glue_7         0x0000106c        0x0
 .glue_7        0x0000106c        0x0 linker stubs

.glue_7t        0x0000106c        0x0
 .glue_7t       0x0000106c        0x0 linker stubs

.vfp11_veneer   0x0000106c        0x0
 .vfp11_veneer  0x0000106c        0x0 linker stubs

.v4_bx          0x0000106c        0x0
 .v4_bx         0x0000106c        0x0 linker stubs

.iplt           0x0000106c        0x0
 .iplt          0x0000106c        0x0 app_main.o

.rodata         0x0000106c        0x2
 *(.rodata)
 .rodata        0x0000106c        0x2 app_main.o
                0x0000106c                u16ConstGlobalVar
 *(.rodata*)

.rel.dyn        0x00001070        0x0
 .rel.iplt      0x00001070        0x0 app_main.o

.data           0x20000000        0x4 load address 0x00001070
                0x00001070                __data_load__ = LOADADDR (.data)
                0x20000000                __data_start__ = .
 *(.data)
 .data          0x20000000        0x2 app_main.o
                0x20000000                u8InitGLobalVar
 .data          0x20000002        0x0 app_2.o
 *(.data*)
                0x20000004                . = ALIGN (0x4)
 *fill*         0x20000002        0x2 
                0x20000004                __data_end__ = .

.igot.plt       0x20000004        0x0 load address 0x00001074
 .igot.plt      0x20000004        0x0 app_main.o

.bss            0x20000004        0x4 load address 0x00001074
                0x20000004                __bss_start__ = .
 *(.shbss)
 *(.bss)
 .bss           0x20000004        0x4 app_main.o
 .bss           0x20000008        0x0 app_2.o
 *(.bss.*)
 *(COMMON)
                0x20000008                . = ALIGN (0x4)
                0x20000008                __bss_end__ = .

.stack          0x20000008        0x0 load address 0x00001078
                0x20000008                _stack = .
                0x20000008                __stack = .
 *(.stack)
LOAD app_main.o
LOAD app_2.o
OUTPUT(app_output.elf elf32-littlearm)
LOAD linker stubs

.comment        0x00000000       0x4d
 .comment       0x00000000       0x4d app_main.o
                                 0x4e (size before relaxing)
 .comment       0x0000004d       0x4e app_2.o

.ARM.attributes
                0x00000000       0x2e
 .ARM.attributes
                0x00000000       0x2e app_main.o
 .ARM.attributes
                0x0000002e       0x2e app_2.o
